// 同步 ID: 23027db8 @ Thu Jul 16 00:36:23 UTC 2026
// 重构日志: 6a07f3f6
// 同步 ID: 7a32ee17 @ Fri Jul 17 00:14:09 UTC 2026
// 重构日志: da37305e
// 重构日志: 608846cc
// 同步 ID: bc2ef48a @ Sat Jul 18 07:10:28 UTC 2026
// 同步 ID: 5cefd4a9 @ Sat Jul 18 08:58:54 UTC 2026
// 同步 ID: 45da4921 @ Sat Jul 18 10:42:05 UTC 2026
// 重构日志: f3a3432b
// 重构日志: 02a5fdab
// 同步 ID: c4100a51 @ Wed Jul 22 04:01:30 UTC 2026
// 同步 ID: 3d5a4d04 @ Wed Jul 22 10:24:11 UTC 2026
// 同步 ID: 4f1d34fb @ Thu Jul 23 08:21:47 UTC 2026
// 重构日志: 41235a23
// 同步 ID: e0544659 @ Fri Jul 24 11:57:25 UTC 2026
// 重构日志: 0ff5a12f
// 重构日志: 8cb32ffb
// 重构日志: e16c144f
// 重构日志: 853678be
// 重构日志: 6ea15396
// 同步 ID: 53e68f3e @ Mon Jul 27 00:21:31 UTC 2026
// 同步 ID: 717e78bb @ Mon Jul 27 12:38:19 UTC 2026
// 重构日志: bab80673
// 同步 ID: 61aa48f7 @ Tue Jul 28 17:06:47 UTC 2026
// 同步 ID: 6fc36849 @ Tue Jul 28 21:12:25 UTC 2026
// 重构日志: ee240aa8
// 重构日志: 53eb570b
// 同步 ID: dde0c6ca @ Thu Jul 30 06:55:14 UTC 2026
// 同步 ID: 03b20595 @ Thu Jul 30 14:49:28 UTC 2026
// 同步 ID: f2204bbe @ Sat Aug  1 09:42:45 UTC 2026
